OSM 40792 件 / Wikidata(座標あり) 16908 件
オラクルのペア 4975 組(衝突で落としたもの 3 組)
  方向の内訳: {'osm_tag': 4506, 'both': 441, 'wd_id': 28}

較正 2517 組 / 取り置き 2458 組
較正側 top-1 一致: {'split': 'calibration', 'n': 2517, 'top1_correct': 2492, 'top1_rate': 0.9901}

較正側の閾値掃き(この結果だけを見て閾値を決める):
  0.50  自動 2472  適合率 0.9931  再現率 0.9754
  0.52  自動 2466  適合率 0.9931  再現率 0.973
  0.54  自動 2460  適合率 0.9935  再現率 0.971
  0.56  自動 2450  適合率 0.9935  再現率 0.967
  0.58  自動 2422  適合率 0.9934  再現率 0.9559
  0.60  自動 2409  適合率 0.9938  再現率 0.9511
  0.62  自動 2351  適合率 0.994  再現率 0.9285
  0.64  自動 2279  適合率 0.9939  再現率 0.8999
  0.66  自動 2167  適合率 0.994  再現率 0.8558
  0.68  自動 2116  適合率 0.9939  再現率 0.8355
  0.70  自動 2043  適合率 0.9941  再現率 0.8069
  0.72  自動  209  適合率 1.0  再現率 0.083
  0.74  自動  208  適合率 1.0  再現率 0.0826
  0.76  自動  192  適合率 1.0  再現率 0.0763
  0.78  自動  182  適合率 1.0  再現率 0.0723
  0.80  自動   12  適合率 1.0  再現率 0.0048
  0.82  自動   12  適合率 1.0  再現率 0.0048
  0.84  自動   11  適合率 1.0  再現率 0.0044
  0.86  自動   11  適合率 1.0  再現率 0.0044
  0.88  自動   10  適合率 1.0  再現率 0.004
  0.90  自動    0  適合率 None  再現率 0.0

較正側・正解ペアのスコア分布: 最小 0.3000 / 5% 0.6 / 25% 0.7 / 中央 0.7 / 最大 0.9000

→ data\reports\matching_calibration.json
