  250/40792 取得 271 / キャッシュ 19 / 不在 25  (35s)
  500/40792 取得 530 / キャッシュ 60 / 不在 62  (66s)
  750/40792 取得 788 / キャッシュ 121 / 不在 105  (98s)
  1000/40792 取得 1131 / キャッシュ 141 / 不在 188  (138s)
  1250/40792 取得 1442 / キャッシュ 165 / 不在 253  (175s)
  1500/40792 取得 1676 / キャッシュ 226 / 不在 283  (203s)
  1750/40792 取得 1858 / キャッシュ 302 / 不在 286  (227s)
  2000/40792 取得 2066 / キャッシュ 397 / 不在 322  (252s)
  2250/40792 取得 2269 / キャッシュ 454 / 不在 328  (278s)
  2500/40792 取得 2468 / キャッシュ 505 / 不在 328  (303s)
  2750/40792 取得 2667 / キャッシュ 562 / 不在 332  (329s)
  3000/40792 取得 2888 / キャッシュ 591 / 不在 332  (358s)
  3250/40792 取得 3031 / キャッシュ 698 / 不在 332  (376s)
  3500/40792 取得 3239 / キャッシュ 792 / 不在 368  (401s)
  3750/40792 取得 3564 / キャッシュ 844 / 不在 472  (439s)
  4000/40792 取得 3874 / キャッシュ 910 / 不在 570  (476s)
  4250/40792 取得 4016 / キャッシュ 1082 / 不在 606  (493s)
  4500/40792 取得 4189 / キャッシュ 1214 / 不在 644  (514s)
  4750/40792 取得 4352 / キャッシュ 1346 / 不在 675  (534s)
  5000/40792 取得 4453 / キャッシュ 1528 / 不在 693  (547s)
  5250/40792 取得 4635 / キャッシュ 1669 / 不在 738  (568s)
  5500/40792 取得 4799 / キャッシュ 1841 / 不在 782  (588s)
  5750/40792 取得 4942 / キャッシュ 1982 / 不在 805  (605s)
  6000/40792 取得 5125 / キャッシュ 2106 / 不在 848  (629s)
  6250/40792 取得 5286 / キャッシュ 2294 / 不在 888  (648s)
  6500/40792 取得 5524 / キャッシュ 2490 / 不在 987  (673s)
  6750/40792 取得 5710 / キャッシュ 2585 / 不在 1008  (696s)
  7000/40792 取得 5890 / キャッシュ 2667 / 不在 1016  (718s)
  7250/40792 取得 6030 / キャッシュ 2779 / 不在 1017  (736s)
  7500/40792 取得 6160 / キャッシュ 2899 / 不在 1017  (753s)
  7750/40792 取得 6340 / キャッシュ 2972 / 不在 1019  (776s)
  8000/40792 取得 6492 / キャッシュ 3073 / 不在 1021  (795s)
  8250/40792 取得 6676 / キャッシュ 3139 / 不在 1021  (818s)
  8500/40792 取得 6873 / キャッシュ 3192 / 不在 1021  (844s)
  8750/40792 取得 7055 / キャッシュ 3269 / 不在 1027  (867s)
  9000/40792 取得 7206 / キャッシュ 3371 / 不在 1029  (886s)
  9250/40792 取得 7361 / キャッシュ 3469 / 不在 1029  (905s)
  9500/40792 取得 7581 / キャッシュ 3510 / 不在 1035  (933s)
  9750/40792 取得 7757 / キャッシュ 3588 / 不在 1035  (955s)
  10000/40792 取得 7961 / キャッシュ 3634 / 不在 1035  (980s)
  10250/40792 取得 8126 / キャッシュ 3719 / 不在 1035  (1001s)
  10500/40792 取得 8327 / キャッシュ 3768 / 不在 1035  (1025s)
  10750/40792 取得 8484 / キャッシュ 3861 / 不在 1035  (1045s)
  11000/40792 取得 8650 / キャッシュ 3945 / 不在 1035  (1065s)
  11250/40792 取得 8794 / キャッシュ 4051 / 不在 1035  (1083s)
  11500/40792 取得 8921 / キャッシュ 4174 / 不在 1035  (1103s)
  11750/40792 取得 9076 / キャッシュ 4269 / 不在 1035  (1123s)
  12000/40792 取得 9266 / キャッシュ 4332 / 不在 1037  (1146s)
  12250/40792 取得 9438 / キャッシュ 4420 / 不在 1043  (2003s)
  12500/40792 取得 9608 / キャッシュ 4510 / 不在 1048  (2024s)
  12750/40792 取得 9751 / キャッシュ 4620 / 不在 1049  (2043s)
  13000/40792 取得 9874 / キャッシュ 4749 / 不在 1051  (2058s)
  13250/40792 取得 9989 / キャッシュ 4901 / 不在 1060  (2073s)
  13500/40792 取得 9989 / キャッシュ 5154 / 不在 1060  (2073s)
  13750/40792 取得 9989 / キャッシュ 5410 / 不在 1060  (2074s)
  14000/40792 取得 9989 / キャッシュ 5663 / 不在 1060  (2075s)
  14250/40792 取得 9989 / キャッシュ 5913 / 不在 1060  (2075s)
  14500/40792 取得 9989 / キャッシュ 6163 / 不在 1060  (2076s)
  14750/40792 取得 9989 / キャッシュ 6419 / 不在 1060  (2077s)
  15000/40792 取得 9989 / キャッシュ 6672 / 不在 1060  (2077s)
  15250/40792 取得 10090 / キャッシュ 6821 / 不在 1060  (2091s)
  15500/40792 取得 10268 / キャッシュ 6893 / 不在 1060  (2116s)
  15750/40792 取得 10420 / キャッシュ 6991 / 不在 1060  (2137s)
  16000/40792 取得 10566 / キャッシュ 7095 / 不在 1060  (2157s)
  16250/40792 取得 10654 / キャッシュ 7257 / 不在 1060  (2169s)
  16500/40792 取得 10723 / キャッシュ 7438 / 不在 1060  (2181s)
  16750/40792 取得 10772 / キャッシュ 7639 / 不在 1060  (2189s)
  17000/40792 取得 10825 / キャッシュ 7836 / 不在 1060  (2198s)
  17250/40792 取得 10952 / キャッシュ 7959 / 不在 1060  (2218s)
  17500/40792 取得 11129 / キャッシュ 8035 / 不在 1062  (2243s)
  17750/40792 取得 11299 / キャッシュ 8119 / 不在 1065  (2265s)
  18000/40792 取得 11482 / キャッシュ 8186 / 不在 1065  (2292s)
  18250/40792 取得 11677 / キャッシュ 8244 / 不在 1067  (2317s)
  18500/40792 取得 11871 / キャッシュ 8306 / 不在 1069  (2343s)
  18750/40792 取得 12033 / キャッシュ 8396 / 不在 1071  (2365s)
  19000/40792 取得 12224 / キャッシュ 8456 / 不在 1071  (2390s)
  19250/40792 取得 12349 / キャッシュ 8581 / 不在 1071  (2406s)
  19500/40792 取得 12541 / キャッシュ 8657 / 不在 1076  (2432s)
  19750/40792 取得 12700 / キャッシュ 8757 / 不在 1077  (2452s)
  20000/40792 取得 12880 / キャッシュ 8835 / 不在 1079  (2476s)
  20250/40792 取得 12937 / キャッシュ 9041 / 不在 1082  (2484s)
  20500/40792 取得 13052 / キャッシュ 9179 / 不在 1084  (2499s)
  20750/40792 取得 13258 / キャッシュ 9223 / 不在 1084  (2527s)
  21000/40792 取得 13458 / キャッシュ 9273 / 不在 1084  (2554s)
  21250/40792 取得 13637 / キャッシュ 9344 / 不在 1084  (2579s)
  21500/40792 取得 13806 / キャッシュ 9428 / 不在 1086  (2603s)
  21750/40792 取得 13953 / キャッシュ 9531 / 不在 1086  (2623s)
  22000/40792 取得 14149 / キャッシュ 9588 / 不在 1088  (2650s)
  22250/40792 取得 14283 / キャッシュ 9704 / 不在 1088  (2668s)
  22500/40792 取得 14422 / キャッシュ 9818 / 不在 1090  (2686s)
  22750/40792 取得 14617 / キャッシュ 9876 / 不在 1092  (2712s)
  23000/40792 取得 14815 / キャッシュ 9928 / 不在 1092  (2740s)
  23250/40792 取得 15010 / キャッシュ 9983 / 不在 1092  (2767s)
  23500/40792 取得 15137 / キャッシュ 10106 / 不在 1092  (2784s)
  23750/40792 取得 15281 / キャッシュ 10212 / 不在 1092  (2803s)
  24000/40792 取得 15468 / キャッシュ 10275 / 不在 1092  (2827s)
  24250/40792 取得 15644 / キャッシュ 10349 / 不在 1092  (2849s)
  24500/40792 取得 15823 / キャッシュ 10420 / 不在 1092  (44676s)
  24750/40792 取得 15977 / キャッシュ 10516 / 不在 1092  (44695s)
  25000/40792 取得 16087 / キャッシュ 10659 / 不在 1094  (44709s)
  25250/40792 取得 16185 / キャッシュ 10814 / 不在 1096  (44722s)
  25500/40792 取得 16307 / キャッシュ 10942 / 不在 1096  (44738s)
  25750/40792 取得 16408 / キャッシュ 11091 / 不在 1096  (44751s)
  26000/40792 取得 16558 / キャッシュ 11191 / 不在 1096  (44771s)
  26250/40792 取得 16741 / キャッシュ 11258 / 不在 1096  (44796s)
  26500/40792 取得 16890 / キャッシュ 11361 / 不在 1097  (44816s)
  26750/40792 取得 17041 / キャッシュ 11460 / 不在 1097  (44836s)
  27000/40792 取得 17200 / キャッシュ 11554 / 不在 1099  (44858s)
  27250/40792 取得 17293 / キャッシュ 11711 / 不在 1099  (44871s)
  27500/40792 取得 17343 / キャッシュ 11911 / 不在 1099  (44880s)
  27750/40792 取得 17343 / キャッシュ 12161 / 不在 1099  (44881s)
  28000/40792 取得 17343 / キャッシュ 12411 / 不在 1099  (44883s)
  28250/40792 取得 17343 / キャッシュ 12664 / 不在 1099  (44885s)
  28500/40792 取得 17486 / キャッシュ 12771 / 不在 1099  (44904s)
  28750/40792 取得 17642 / キャッシュ 12865 / 不在 1099  (44924s)
  29000/40792 取得 17780 / キャッシュ 12983 / 不在 1103  (44942s)
  29250/40792 取得 17950 / キャッシュ 13069 / 不在 1107  (44966s)
  29500/40792 取得 18144 / キャッシュ 13125 / 不在 1107  (44993s)
  29750/40792 取得 18331 / キャッシュ 13191 / 不在 1109  (45018s)
  30000/40792 取得 18501 / キャッシュ 13271 / 不在 1109  (45042s)
  30250/40792 取得 18627 / キャッシュ 13407 / 不在 1117  (45059s)
  30500/40792 取得 18746 / キャッシュ 13538 / 不在 1117  (45075s)
  30750/40792 取得 18893 / キャッシュ 13644 / 不在 1119  (45096s)
  31000/40792 取得 19061 / キャッシュ 13726 / 不在 1119  (45119s)
  31250/40792 取得 19196 / キャッシュ 13841 / 不在 1119  (45138s)
  31500/40792 取得 19375 / キャッシュ 13915 / 不在 1121  (45163s)
  31750/40792 取得 19594 / キャッシュ 13964 / 不在 1134  (45192s)
  32000/40792 取得 19796 / キャッシュ 14027 / 不在 1146  (45220s)
  32250/40792 取得 19990 / キャッシュ 14107 / 不在 1164  (45246s)
  32500/40792 取得 20177 / キャッシュ 14188 / 不在 1177  (45272s)
  32750/40792 取得 20347 / キャッシュ 14283 / 不在 1186  (45295s)
  33000/40792 取得 20528 / キャッシュ 14373 / 不在 1201  (45320s)
  33250/40792 取得 20699 / キャッシュ 14458 / 不在 1205  (45344s)
  33500/40792 取得 20835 / キャッシュ 14581 / 不在 1210  (45363s)
  33750/40792 取得 20996 / キャッシュ 14670 / 不在 1210  (45386s)
  34000/40792 取得 21196 / キャッシュ 14723 / 不在 1212  (45414s)
  34250/40792 取得 21391 / キャッシュ 14778 / 不在 1212  (45441s)
  34500/40792 取得 21601 / キャッシュ 14818 / 不在 1212  (45471s)
  34750/40792 取得 21749 / キャッシュ 14923 / 不在 1214  (45492s)
  35000/40792 取得 21906 / キャッシュ 15022 / 不在 1218  (45514s)
  35250/40792 取得 22137 / キャッシュ 15102 / 不在 1253  (45543s)
  35500/40792 取得 22342 / キャッシュ 15155 / 不在 1259  (45571s)
  35750/40792 取得 22501 / キャッシュ 15247 / 不在 1259  (45594s)
  36000/40792 取得 22679 / キャッシュ 15319 / 不在 1259  (45619s)
  36250/40792 取得 22797 / キャッシュ 15451 / 不在 1259  (45637s)
  36500/40792 取得 22998 / キャッシュ 15500 / 不在 1259  (45666s)
  36750/40792 取得 23197 / キャッシュ 15551 / 不在 1259  (45694s)
  37000/40792 取得 23340 / キャッシュ 15658 / 不在 1259  (45715s)
  37250/40792 取得 23517 / キャッシュ 15731 / 不在 1259  (45740s)
  37500/40792 取得 23638 / キャッシュ 15860 / 不在 1259  (45759s)
  37750/40792 取得 23789 / キャッシュ 15965 / 不在 1262  (45780s)
  38000/40792 取得 23959 / キャッシュ 16052 / 不在 1265  (45803s)
  38250/40792 取得 24154 / キャッシュ 16120 / 不在 1268  (45830s)
  38500/40792 取得 24285 / キャッシュ 16243 / 不在 1269  (45848s)
  38750/40792 取得 24459 / キャッシュ 16331 / 不在 1278  (45872s)
  39000/40792 取得 24624 / キャッシュ 16419 / 不在 1280  (45895s)
  39250/40792 取得 24832 / キャッシュ 16477 / 不在 1292  (45923s)
  39500/40792 取得 25025 / キャッシュ 16541 / 不在 1296  (45949s)
  39750/40792 取得 25211 / キャッシュ 16612 / 不在 1301  (45975s)
  40000/40792 取得 25400 / キャッシュ 16677 / 不在 1303  (46001s)
  40250/40792 取得 25589 / キャッシュ 16742 / 不在 1305  (46027s)
  40500/40792 取得 25862 / キャッシュ 16783 / 不在 1358  (46062s)
  40750/40792 取得 26176 / キャッシュ 16872 / 不在 1486  (46099s)
{
 "件数": 40792,
 "標高あり": 40787,
 "標高なし": 5,
 "層別": {
  "dem5a_png": 39802,
  "dem_png": 568,
  "dem5b_png": 225,
  "dem5c_png": 192,
  "(取れず)": 5
 },
 "取得タイル": 26237,
 "キャッシュ命中": 16883,
 "不在タイル": 1513,
 "秒": 46106.0
}
