Overpass: JP-01 …
  JP-01: 1160 要素 (10.8s)
Overpass: JP-02 …
  JP-02: 466 要素 (21.6s)
Overpass: JP-03 …
  JP-03: 435 要素 (3.1s)
Overpass: JP-04 …
  JP-04: 1302 要素 (4.7s)
Overpass: JP-05 …
  JP-05: 3291 要素 (3.6s)
Overpass: JP-06 …
  JP-06: 719 要素 (2.6s)
Overpass: JP-07 …
  JP-07: 587 要素 (4.4s)
Overpass: JP-08 …
  JP-08: 1334 要素 (6.8s)
Overpass: JP-09 …
  JP-09: 424 要素 (2.9s)
Overpass: JP-10 …
  JP-10: 530 要素 (3.6s)
Overpass: JP-11 …
  JP-11: 1388 要素 (15.4s)
Overpass: JP-12 …
  JP-12: 1568 要素 (4.6s)
  JP-13: 取得済み(飛ばす)
Overpass: JP-14 …
  JP-14: 2015 要素 (8.7s)
Overpass: JP-15 …
  JP-15: 994 要素 (5.3s)
Overpass: JP-16 …
  JP-16: 620 要素 (2.7s)
Overpass: JP-17 …
  JP-17: 563 要素 (15.1s)
Overpass: JP-18 …
  JP-18: 771 要素 (10.8s)
  JP-19: 取得済み(飛ばす)
Overpass: JP-20 …
  JP-20: 1343 要素 (5.5s)
Overpass: JP-21 …
  HTTP 504 — 20 秒待つ(試行 1/6)
  JP-21: 751 要素 (35.9s)
Overpass: JP-22 …
  JP-22: 1383 要素 (5.4s)
Overpass: JP-23 …
  JP-23: 2063 要素 (11.0s)
Overpass: JP-24 …
  JP-24: 493 要素 (4.5s)
Overpass: JP-25 …
  JP-25: 969 要素 (15.6s)
  JP-26: 取得済み(飛ばす)
Overpass: JP-27 …
  HTTP 504 — 20 秒待つ(試行 1/6)
  JP-27: 864 要素 (40.8s)
Overpass: JP-28 …
  JP-28: 1496 要素 (6.2s)
Overpass: JP-29 …
  JP-29: 507 要素 (4.6s)
Overpass: JP-30 …
  JP-30: 329 要素 (9.2s)
Overpass: JP-31 …
  JP-31: 501 要素 (2.0s)
Overpass: JP-32 …
  ConnectError — 20 秒待つ(試行 1/6)
  ConnectError — 40 秒待つ(試行 2/6)
  JP-32: 785 要素 (50873.2s)
Overpass: JP-33 …
  JP-33: 800 要素 (4.3s)
Overpass: JP-34 …
  JP-34: 1323 要素 (3.9s)
Overpass: JP-35 …
  JP-35: 433 要素 (8.0s)
Overpass: JP-36 …
  JP-36: 345 要素 (2.8s)
Overpass: JP-37 …
  JP-37: 569 要素 (6.8s)
Overpass: JP-38 …
  JP-38: 738 要素 (3.2s)
Overpass: JP-39 …
  JP-39: 555 要素 (2.2s)
Overpass: JP-40 …
  JP-40: 957 要素 (4.1s)
Overpass: JP-41 …
  JP-41: 574 要素 (8.2s)
Overpass: JP-42 …
  JP-42: 376 要素 (3.7s)
Overpass: JP-43 …
  JP-43: 343 要素 (2.3s)
Overpass: JP-44 …
  JP-44: 239 要素 (2.3s)
Overpass: JP-45 …
  JP-45: 198 要素 (10.7s)
Overpass: JP-46 …
  JP-46: 460 要素 (4.3s)
Overpass: JP-47 …
  JP-47: 84 要素 (2.1s)
→ data\raw\osm\shrines_overpass_JP-01.json
→ data\raw\osm\shrines_overpass_JP-02.json
→ data\raw\osm\shrines_overpass_JP-03.json
→ data\raw\osm\shrines_overpass_JP-04.json
→ data\raw\osm\shrines_overpass_JP-05.json
→ data\raw\osm\shrines_overpass_JP-06.json
→ data\raw\osm\shrines_overpass_JP-07.json
→ data\raw\osm\shrines_overpass_JP-08.json
→ data\raw\osm\shrines_overpass_JP-09.json
→ data\raw\osm\shrines_overpass_JP-10.json
→ data\raw\osm\shrines_overpass_JP-11.json
→ data\raw\osm\shrines_overpass_JP-12.json
→ data\raw\osm\shrines_overpass_JP-14.json
→ data\raw\osm\shrines_overpass_JP-15.json
→ data\raw\osm\shrines_overpass_JP-16.json
→ data\raw\osm\shrines_overpass_JP-17.json
→ data\raw\osm\shrines_overpass_JP-18.json
→ data\raw\osm\shrines_overpass_JP-20.json
→ data\raw\osm\shrines_overpass_JP-21.json
→ data\raw\osm\shrines_overpass_JP-22.json
→ data\raw\osm\shrines_overpass_JP-23.json
→ data\raw\osm\shrines_overpass_JP-24.json
→ data\raw\osm\shrines_overpass_JP-25.json
→ data\raw\osm\shrines_overpass_JP-27.json
→ data\raw\osm\shrines_overpass_JP-28.json
→ data\raw\osm\shrines_overpass_JP-29.json
→ data\raw\osm\shrines_overpass_JP-30.json
→ data\raw\osm\shrines_overpass_JP-31.json
→ data\raw\osm\shrines_overpass_JP-32.json
→ data\raw\osm\shrines_overpass_JP-33.json
→ data\raw\osm\shrines_overpass_JP-34.json
→ data\raw\osm\shrines_overpass_JP-35.json
→ data\raw\osm\shrines_overpass_JP-36.json
→ data\raw\osm\shrines_overpass_JP-37.json
→ data\raw\osm\shrines_overpass_JP-38.json
→ data\raw\osm\shrines_overpass_JP-39.json
→ data\raw\osm\shrines_overpass_JP-40.json
→ data\raw\osm\shrines_overpass_JP-41.json
→ data\raw\osm\shrines_overpass_JP-42.json
→ data\raw\osm\shrines_overpass_JP-43.json
→ data\raw\osm\shrines_overpass_JP-44.json
→ data\raw\osm\shrines_overpass_JP-45.json
→ data\raw\osm\shrines_overpass_JP-46.json
→ data\raw\osm\shrines_overpass_JP-47.json
