== river_distance full
  W05: 47 県 286436 本 / 退化した幾何を落とした 1 本 (145s)
  01 北海道: 神社 1160 / 候補の県 2 (496s)
  02 青森県: 神社 466 / 候補の県 4 (778s)
  03 岩手県: 神社 435 / 候補の県 5 (886s)
  04 宮城県: 神社 1302 / 候補の県 5 (981s)
  05 秋田県: 神社 3291 / 候補の県 5 (1073s)
  06 山形県: 神社 719 / 候補の県 6 (1158s)
  07 福島県: 神社 587 / 候補の県 7 (1245s)
  08 茨城県: 神社 1334 / 候補の県 9 (1408s)
  09 栃木県: 神社 424 / 候補の県 7 (1543s)
  10 群馬県: 神社 530 / 候補の県 8 (1641s)
  11 埼玉県: 神社 1388 / 候補の県 10 (1735s)
  12 千葉県: 神社 1568 / 候補の県 7 (1791s)
  13 東京都: 神社 1928 / 候補の県 8 (1865s)
  14 神奈川県: 神社 2014 / 候補の県 7 (1913s)
  15 新潟県: 神社 994 / 候補の県 8 (2015s)
  16 富山県: 神社 620 / 候補の県 6 (2079s)
  17 石川県: 神社 563 / 候補の県 5 (2131s)
  18 福井県: 神社 771 / 候補の県 8 (2203s)
  19 山梨県: 神社 276 / 候補の県 7 (2270s)
  20 長野県: 神社 1342 / 候補の県 10 (2402s)
  21 岐阜県: 神社 751 / 候補の県 9 (2495s)
  22 静岡県: 神社 1383 / 候補の県 7 (2581s)
  23 愛知県: 神社 2063 / 候補の県 6 (2657s)
  24 三重県: 神社 493 / 候補の県 8 (2725s)
  25 滋賀県: 神社 968 / 候補の県 7 (2776s)
  26 京都府: 神社 948 / 候補の県 7 (2825s)
  27 大阪府: 神社 863 / 候補の県 7 (2887s)
  28 兵庫県: 神社 1496 / 候補の県 10 (2952s)
  29 奈良県: 神社 507 / 候補の県 6 (3000s)
  30 和歌山県: 神社 328 / 候補の県 5 (3039s)
  31 鳥取県: 神社 501 / 候補の県 5 (3079s)
  32 島根県: 神社 785 / 候補の県 6 (3122s)
  33 岡山県: 神社 800 / 候補の県 8 (3175s)
  34 広島県: 神社 1323 / 候補の県 7 (3223s)
  35 山口県: 神社 433 / 候補の県 7 (3285s)
  36 徳島県: 神社 345 / 候補の県 5 (3320s)
  37 香川県: 神社 569 / 候補の県 7 (3371s)
  38 愛媛県: 神社 738 / 候補の県 8 (3429s)
  39 高知県: 神社 555 / 候補の県 4 (3457s)
  40 福岡県: 神社 957 / 候補の県 6 (3500s)
  41 佐賀県: 神社 574 / 候補の県 4 (3527s)
  42 長崎県: 神社 376 / 候補の県 5 (3561s)
  43 熊本県: 神社 343 / 候補の県 7 (3625s)
  44 大分県: 神社 239 / 候補の県 6 (3683s)
  45 宮崎県: 神社 198 / 候補の県 4 (3726s)
  46 鹿児島県: 神社 460 / 候補の県 4 (3760s)
  47 沖縄県: 神社 84 / 候補の県 2 (3772s)
exit=0
== build_public
exit=0
== write_state
{"rows": 40792, "with_elevation": 40787, "with_river_or_note": 40792}
exit=0
== state rows 40792 dropped 30
== elevation incremental
  前回値を再利用 40757 / 取る 35
 "前回値を再利用": 40757,
 "取得タイル": 0,
 "秒": 2.7
== needed prefs: 03 04 05 07 08 09 10 11 12 13 14 15 16 17 18 20 21 22 23 24 25 26 27 28 29 30 32 34 35 36 38 39 41 42 43
== river incremental
  W05: 35 県 188377 本 / 退化した幾何を落とした 1 本 (18s)
 "秒": 83.4
== compare
{
 "elevation_ids": [
  40792,
  40792
 ],
 "elevation_mismatch": 0,
 "elevation_mode": "incremental",
 "elevation_reused": 40757,
 "river_ids": [
  40792,
  40792
 ],
 "river_mismatch": 0,
 "river_mismatch_examples": [],
 "river_mode": "incremental",
 "river_reused": 40762,
 "river_computed": 30,
 "prefs_needed": [
  "03",
  "04",
  "05",
  "07",
  "08",
  "09",
  "10",
  "11",
  "12",
  "13",
  "14",
  "15",
  "16",
  "17",
  "18",
  "20",
  "21",
  "22",
  "23",
  "24",
  "25",
  "26",
  "27",
  "28",
  "29",
  "30",
  "32",
  "34",
  "35",
  "36",
  "38",
  "39",
  "41",
  "42",
  "43"
 ],
 "dropped": 30,
 "dropped_recomputed_in_river": 30
}
EQUIVALENT
compare_exit=0
== T-134 (incremental report)
1 passed, 7 deselected in 0.70s
== restored full reports; tests
-- Docs: https://docs.pytest.org/en/stable/how-to/capture-warnings.html
18 passed, 1 skipped, 1 warning in 8.06s
