{
 "results": [
  {
   "label": "山岳・自然のスコアと標高",
   "motif": "mountain_nature",
   "geography": "elevation_m",
   "n": 3186,
   "spearman": 0.2672,
   "expected_sign": 1,
   "sign_matches": true,
   "permutation_p": 0.0005,
   "significant_at_0.01": true
  },
  {
   "label": "水・河川のスコアと河川距離",
   "motif": "water_river",
   "geography": "nearest_river_distance_m",
   "n": 3173,
   "spearman": -0.0519,
   "expected_sign": -1,
   "sign_matches": true,
   "permutation_p": 0.0025,
   "significant_at_0.01": true
  },
  {
   "label": "海・航海のスコアと標高(低いほうへ出るはず)",
   "motif": "sea_navigation",
   "geography": "elevation_m",
   "n": 3186,
   "spearman": -0.0195,
   "expected_sign": -1,
   "sign_matches": true,
   "permutation_p": 0.2774,
   "significant_at_0.01": false
  }
 ]
}
