コーパス 神社 3356 件 / 記事 3175 件(複数の神社が共有する記事 151・版の食い違い 0)(落とした内訳 {'本文なし': 0, '120 字未満': 146, '版 ID なし': 0})
モデル intfloat/multilingual-e5-base @ d12875059715
  埋め込み: 保存済み 663 / 計算する 2512
Warning: You are sending unauthenticated requests to the HF Hub. Please set a HF_TOKEN to enable higher rate limits and faster downloads.
Loading weights:   0%|          | 0/199 [00:00<?, ?it/s]Loading weights: 100%|██████████| 199/199 [00:00<00:00, 2419.53it/s]
  埋め込み 32/2512  (36s / 区間 0.89 件/s)
  埋め込み 64/2512  (49s / 区間 2.55 件/s)
  埋め込み 96/2512  (63s / 区間 2.28 件/s)
  埋め込み 128/2512  (76s / 区間 2.36 件/s)
  埋め込み 160/2512  (88s / 区間 2.68 件/s)
  埋め込み 192/2512  (99s / 区間 2.90 件/s)
  埋め込み 224/2512  (113s / 区間 2.40 件/s)
  埋め込み 256/2512  (127s / 区間 2.27 件/s)
  埋め込み 288/2512  (141s / 区間 2.30 件/s)
  埋め込み 320/2512  (153s / 区間 2.48 件/s)
  埋め込み 352/2512  (166s / 区間 2.58 件/s)
  埋め込み 384/2512  (180s / 区間 2.33 件/s)
  埋め込み 416/2512  (192s / 区間 2.68 件/s)
  埋め込み 448/2512  (204s / 区間 2.47 件/s)
  埋め込み 480/2512  (218s / 区間 2.45 件/s)
  埋め込み 512/2512  (233s / 区間 2.06 件/s)
  埋め込み 544/2512  (248s / 区間 2.16 件/s)
  埋め込み 576/2512  (261s / 区間 2.39 件/s)
  埋め込み 608/2512  (275s / 区間 2.27 件/s)
  埋め込み 640/2512  (288s / 区間 2.43 件/s)
  埋め込み 672/2512  (303s / 区間 2.26 件/s)
  埋め込み 704/2512  (316s / 区間 2.34 件/s)
  埋め込み 736/2512  (329s / 区間 2.57 件/s)
  埋め込み 768/2512  (342s / 区間 2.43 件/s)
  埋め込み 800/2512  (357s / 区間 2.17 件/s)
  埋め込み 832/2512  (371s / 区間 2.26 件/s)
  埋め込み 864/2512  (385s / 区間 2.23 件/s)
  埋め込み 896/2512  (399s / 区間 2.30 件/s)
  埋め込み 928/2512  (414s / 区間 2.16 件/s)
  埋め込み 960/2512  (429s / 区間 2.12 件/s)
  埋め込み 992/2512  (444s / 区間 2.10 件/s)
  埋め込み 1024/2512  (461s / 区間 1.88 件/s)
  埋め込み 1056/2512  (476s / 区間 2.22 件/s)
  埋め込み 1088/2512  (492s / 区間 1.99 件/s)
  埋め込み 1120/2512  (506s / 区間 2.21 件/s)
  埋め込み 1152/2512  (520s / 区間 2.27 件/s)
  埋め込み 1184/2512  (537s / 区間 1.90 件/s)
  埋め込み 1216/2512  (554s / 区間 1.96 件/s)
  埋め込み 1248/2512  (569s / 区間 2.03 件/s)
  埋め込み 1280/2512  (584s / 区間 2.14 件/s)
  埋め込み 1312/2512  (600s / 区間 2.00 件/s)
  埋め込み 1344/2512  (620s / 区間 1.63 件/s)
  埋め込み 1376/2512  (634s / 区間 2.21 件/s)
  埋め込み 1408/2512  (649s / 区間 2.13 件/s)
  埋め込み 1440/2512  (666s / 区間 1.91 件/s)
  埋め込み 1472/2512  (681s / 区間 2.18 件/s)
  埋め込み 1504/2512  (696s / 区間 2.07 件/s)
  埋め込み 1536/2512  (713s / 区間 1.91 件/s)
  埋め込み 1568/2512  (729s / 区間 2.02 件/s)
  埋め込み 1600/2512  (748s / 区間 1.71 件/s)
  埋め込み 1632/2512  (765s / 区間 1.87 件/s)
  埋め込み 1664/2512  (780s / 区間 2.06 件/s)
  埋め込み 1696/2512  (797s / 区間 1.94 件/s)
  埋め込み 1728/2512  (814s / 区間 1.87 件/s)
  埋め込み 1760/2512  (832s / 区間 1.82 件/s)
  埋め込み 1792/2512  (847s / 区間 2.11 件/s)
  埋め込み 1824/2512  (867s / 区間 1.61 件/s)
  埋め込み 1856/2512  (882s / 区間 2.06 件/s)
  埋め込み 1888/2512  (901s / 区間 1.67 件/s)
  埋め込み 1920/2512  (918s / 区間 1.90 件/s)
  埋め込み 1952/2512  (935s / 区間 1.96 件/s)
  埋め込み 1984/2512  (951s / 区間 1.99 件/s)
  埋め込み 2016/2512  (967s / 区間 1.99 件/s)
  埋め込み 2048/2512  (983s / 区間 1.93 件/s)
  埋め込み 2080/2512  (999s / 区間 2.08 件/s)
  埋め込み 2112/2512  (1012s / 区間 2.35 件/s)
  埋め込み 2144/2512  (1028s / 区間 2.09 件/s)
  埋め込み 2176/2512  (1043s / 区間 2.13 件/s)
  埋め込み 2208/2512  (1057s / 区間 2.23 件/s)
  埋め込み 2240/2512  (1072s / 区間 2.16 件/s)
  埋め込み 2272/2512  (1085s / 区間 2.42 件/s)
  埋め込み 2304/2512  (1101s / 区間 2.04 件/s)
  埋め込み 2336/2512  (1116s / 区間 2.16 件/s)
  埋め込み 2368/2512  (1128s / 区間 2.50 件/s)
  埋め込み 2400/2512  (1364s / 区間 0.14 件/s)
  埋め込み 2432/2512  (1380s / 区間 1.99 件/s)
  埋め込み 2464/2512  (1395s / 区間 2.13 件/s)
  埋め込み 2496/2512  (1405s / 区間 3.04 件/s)
  埋め込み 2512/2512  (1413s / 区間 2.16 件/s)
埋め込み (3175, 768) (1416s)
  motifs_e5: 既存の埋め込みを再利用((60, 768))
  control_e5: 既存の埋め込みを再利用((3, 768))
C:\_ClaudeCode\jinja-origin-atlas-ai\.venv\Lib\site-packages\umap\umap_.py:1952: UserWarning: n_jobs value 1 overridden to 1 by setting random_state. Use no seed for parallelism.
  warn(
C:\_ClaudeCode\jinja-origin-atlas-ai\.venv\Lib\site-packages\sklearn\cluster\_hdbscan\hdbscan.py:722: FutureWarning: The default value of `copy` will change from False to True in 1.10. Explicitly set a value for `copy` to silence this warning.
  warn(
C:\_ClaudeCode\jinja-origin-atlas-ai\.venv\Lib\site-packages\umap\umap_.py:1952: UserWarning: n_jobs value 1 overridden to 1 by setting random_state. Use no seed for parallelism.
  warn(
