  W05: 47 県 286436 本 / 退化した幾何を落とした 1 本 (9s)
  01 北海道: 神社 1160 / 候補の県 2 (46s)
  02 青森県: 神社 466 / 候補の県 4 (90s)
  03 岩手県: 神社 435 / 候補の県 5 (109s)
  04 宮城県: 神社 1302 / 候補の県 5 (130s)
  05 秋田県: 神社 3291 / 候補の県 5 (145s)
  06 山形県: 神社 719 / 候補の県 6 (168s)
  07 福島県: 神社 587 / 候補の県 7 (190s)
  08 茨城県: 神社 1334 / 候補の県 9 (209s)
  09 栃木県: 神社 424 / 候補の県 7 (230s)
  10 群馬県: 神社 530 / 候補の県 8 (251s)
  11 埼玉県: 神社 1388 / 候補の県 10 (268s)
  12 千葉県: 神社 1568 / 候補の県 7 (277s)
  13 東京都: 神社 1928 / 候補の県 8 (288s)
  14 神奈川県: 神社 2014 / 候補の県 7 (297s)
  15 新潟県: 神社 994 / 候補の県 8 (319s)
  16 富山県: 神社 620 / 候補の県 6 (335s)
  17 石川県: 神社 563 / 候補の県 5 (348s)
  18 福井県: 神社 771 / 候補の県 8 (368s)
  19 山梨県: 神社 276 / 候補の県 7 (390s)
  20 長野県: 神社 1342 / 候補の県 10 (422s)
  21 岐阜県: 神社 751 / 候補の県 9 (442s)
  22 静岡県: 神社 1383 / 候補の県 7 (458s)
  23 愛知県: 神社 2063 / 候補の県 6 (476s)
  24 三重県: 神社 493 / 候補の県 8 (491s)
  25 滋賀県: 神社 968 / 候補の県 7 (504s)
  26 京都府: 神社 948 / 候補の県 7 (514s)
  27 大阪府: 神社 863 / 候補の県 7 (527s)
  28 兵庫県: 神社 1496 / 候補の県 10 (541s)
  29 奈良県: 神社 507 / 候補の県 6 (550s)
  30 和歌山県: 神社 328 / 候補の県 5 (559s)
  31 鳥取県: 神社 501 / 候補の県 5 (569s)
  32 島根県: 神社 785 / 候補の県 6 (583s)
  33 岡山県: 神社 800 / 候補の県 8 (598s)
  34 広島県: 神社 1323 / 候補の県 7 (610s)
  35 山口県: 神社 433 / 候補の県 7 (625s)
  36 徳島県: 神社 345 / 候補の県 5 (634s)
  37 香川県: 神社 569 / 候補の県 7 (649s)
  38 愛媛県: 神社 738 / 候補の県 8 (666s)
  39 高知県: 神社 555 / 候補の県 4 (674s)
  40 福岡県: 神社 957 / 候補の県 6 (687s)
  41 佐賀県: 神社 574 / 候補の県 4 (696s)
  42 長崎県: 神社 376 / 候補の県 5 (707s)
  43 熊本県: 神社 343 / 候補の県 7 (724s)
  44 大分県: 神社 239 / 候補の県 6 (739s)
  45 宮崎県: 神社 198 / 候補の県 4 (751s)
  46 鹿児島県: 神社 460 / 候補の県 4 (760s)
  47 沖縄県: 神社 84 / 候補の県 2 (764s)
{
 "shrines": 40792,
 "shrines_without_pref": 0,
 "with_river": 40652,
 "without_river": 140,
 "dropped_beyond_limit": 140,
 "limit_m": 10000.0,
 "beyond_limit_examples": [
  {
   "id": "jinja_n12649957362",
   "distance_m": 10054.7
  },
  {
   "id": "jinja_n4504433958",
   "distance_m": 10084.2
  },
  {
   "id": "jinja_n4508716905",
   "distance_m": 10207.1
  },
  {
   "id": "jinja_n13341599157",
   "distance_m": 10229.8
  },
  {
   "id": "jinja_n13341686506",
   "distance_m": 10305.8
  },
  {
   "id": "jinja_n13341686505",
   "distance_m": 10310.6
  },
  {
   "id": "jinja_n4508716906",
   "distance_m": 10378.7
  },
  {
   "id": "jinja_n4508716907",
   "distance_m": 10404.0
  },
  {
   "id": "jinja_n3412041383",
   "distance_m": 10412.7
  },
  {
   "id": "jinja_n5084182268",
   "distance_m": 10438.5
  },
  {
   "id": "jinja_n4508552558",
   "distance_m": 10715.3
  },
  {
   "id": "jinja_n12649957363",
   "distance_m": 11043.3
  },
  {
   "id": "jinja_n5679059975",
   "distance_m": 11059.8
  },
  {
   "id": "jinja_n4726087209",
   "distance_m": 11115.8
  },
  {
   "id": "jinja_n4726087208",
   "distance_m": 11135.3
  },
  {
   "id": "jinja_n9917746791",
   "distance_m": 11152.1
  },
  {
   "id": "jinja_n4598143661",
   "distance_m": 11283.7
  },
  {
   "id": "jinja_n4359590776",
   "distance_m": 11327.6
  },
  {
   "id": "jinja_n4852670478",
   "distance_m": 11593.3
  },
  {
   "id": "jinja_n5159038098",
   "distance_m": 11661.8
  },
  {
   "id": "jinja_n4864161706",
   "distance_m": 11714.7
  },
  {
   "id": "jinja_n4359590775",
   "distance_m": 12189.6
  },
  {
   "id": "jinja_n4374486716",
   "distance_m": 12466.8
  },
  {
   "id": "jinja_n4359590774",
   "distance_m": 12517.6
  },
  {
   "id": "jinja_w302415838",
   "distance_m": 12692.6
  },
  {
   "id": "jinja_n4726129808",
   "distance_m": 12698.3
  },
  {
   "id": "jinja_w389666846",
   "distance_m": 12709.6
  },
  {
   "id": "jinja_n4508672520",
   "distance_m": 12758.8
  },
  {
   "id": "jinja_n4508671979",
   "distance_m": 12870.8
  },
  {
   "id": "jinja_w760903837",
   "distance_m": 13003.2
  }
 ],
 "invalid_geometries_dropped": {
  "24": 1
 },
 "two_path_checked": 940,
 "two_path_disagreements": [],
 "秒": 765.6
}
