
> jinja-origin-atlas-ai@0.1.0 verify
> npm run typecheck && npm run test && npm run build && node harness/smoke.mjs


> jinja-origin-atlas-ai@0.1.0 typecheck
> tsc --noEmit


> jinja-origin-atlas-ai@0.1.0 test
> vitest run


[1m[7m[36m RUN [39m[27m[22m [36mv2.1.9 [39m[90mC:/_ClaudeCode/jinja-origin-atlas-ai[39m

 [32m✓[39m tests-js/artifacts.test.ts [2m([22m[2m16 tests[22m[2m)[22m[33m 3675[2mms[22m[39m
   [33m[2m✓[22m[39m 出荷アーティファクト[2m > [22m課金経路ゼロ(SPEC N-01 / G-05): 有料 API のホスト名が出荷物に無い [33m2220[2mms[22m[39m
   [33m[2m✓[22m[39m Python↔TypeScript の JSON 契約[2m > [22mfamilies.min.json のラベルが GeoJSON の family 値をすべて覆う [33m554[2mms[22m[39m
   [33m[2m✓[22m[39m Python↔TypeScript の JSON 契約[2m > [22mGeoJSON の properties に県コードがある(詳細へのリンクが索引を引かずに済む) [33m437[2mms[22m[39m

[2m Test Files [22m [1m[32m1 passed[39m[22m[90m (1)[39m
[2m      Tests [22m [1m[32m16 passed[39m[22m[90m (16)[39m
[2m   Start at [22m 06:41:14
[2m   Duration [22m 11.08s[2m (transform 482ms, setup 0ms, collect 517ms, tests 3.68s, environment 1ms, prepare 681ms)[22m


> jinja-origin-atlas-ai@0.1.0 prebuild
> node scripts/build_stamp.mjs

刻印 e947d63415f21e5143fcb6d8eda7241f → public/data/meta/stamp.json

> jinja-origin-atlas-ai@0.1.0 build
> next build

   ▲ Next.js 15.5.25

   Creating an optimized production build ...
 ✓ Compiled successfully in 8.0s
   Linting and checking validity of types ...
   Collecting page data ...
   Generating static pages (0/11) ...
   Generating static pages (2/11) 
   Generating static pages (5/11) 
   Generating static pages (8/11) 
 ✓ Generating static pages (11/11)
   Finalizing page optimization ...
   Collecting build traces ...
   Exporting (0/2) ...
 ✓ Exporting (2/2)

Route (app)                                 Size  First Load JS
┌ ○ /                                      165 B         106 kB
├ ○ /_not-found                            131 B         103 kB
├ ○ /about-ai                              165 B         106 kB
├ ○ /ai-space                            2.44 kB         109 kB
├ ○ /analytics                             131 B         103 kB
├ ○ /map                                  276 kB         382 kB
├ ○ /shrine                              4.66 kB         111 kB
├ ○ /similar                             3.08 kB         109 kB
└ ○ /sources                               131 B         103 kB
+ First Load JS shared by all             103 kB
  ├ chunks/255-a85cef9cc3a04b12.js       46.5 kB
  ├ chunks/4bd1b696-c023c6e3521b1417.js  54.2 kB
  └ other shared chunks (total)          2.01 kB


○  (Static)  prerendered as static content

地図ページ
  OK   HTTP 200 で開く
  OK   出典 © OpenStreetMap contributors が本文にある
  OK   背景地図の出典 国土地理院が本文にある
  OK   地図に何かが描かれている
  OK   データ全体を視野に入れるとクラスタの合計が総件数と一致する(二重描画・欠落の検出)
  OK   描かれた要素がすべて表示範囲の中にある
  OK   キャンバスが器を埋めている(空白の帯がない)
  OK   陽性対照: 層を隠すと検品器がそれを検出する
  OK   クラスタを押すと拡大する
系統のしぼり
  OK   しぼると強調レイヤーに要素が入る
  OK   しぼると残りが無彩色に落ちる
  OK   強調が実際に描画されている
