01 49157 33
02 5390 33
03 7597 35
04 4216 35
05 8051 37
06 6433 38
07 9221 40
08 2174 40
09 3467 41
10 5368 42
11 5244 43
12 3404 44
13 1388 44
14 2305 45
15 11370 47
16 4174 48
17 2588 50
18 3287 51
19 3839 51
20 11467 54
21 9785 56
22 8048 58
23 5962 59
24 7526 61
25 3958 62
26 5151 63
27 2125 63
28 7953 64
29 3601 65
30 4873 67
31 3571 67
32 7347 69
33 6553 70
34 4925 71
35 4502 72
36 4311 74
37 1852 74
38 5141 76
39 5987 77
40 4462 79
41 2713 80
42 2631 81
43 6517 83
44 5020 84
45 5742 86
46 4735 88
47 1305 88
done 88.4 s
